
> scalerhouse@0.1.0 build
> next build

  Ôû▓ Next.js 14.2.21
  - Environments: .env.local

   Skipping validation of types
   Skipping linting
   Creating an optimized production build ...
 Ô£ô Compiled successfully
   Collecting page data ...
   Generating static pages (0/43) ...
   Generating static pages (10/43) 
   Generating static pages (21/43) 
   Generating static pages (32/43) 
 Ô£ô Generating static pages (43/43)
   Finalizing page optimization ...
   Collecting build traces ...

Route (pages)                             Size     First Load JS
Ôöî Ôùï /                                     7.16 kB         136 kB
Ôö£   /_app                                 0 B            85.1 kB
Ôö£ Ôùï /404                                  183 B          85.3 kB
Ôö£ Ôùï /about                                2.34 kB         132 kB
Ôö£ Ôùï /admin (1491 ms)                      104 kB          228 kB
Ôö£ Ôùï /admin/activity                       3 kB             91 kB
Ôö£ Ôùï /admin/affiliates                     4.13 kB         128 kB
Ôö£ Ôùï /admin/applications                   6.54 kB        94.5 kB
Ôö£ Ôùï /admin/blog                           4.24 kB        92.2 kB
Ôö£ Ôùï /admin/careers                        4.38 kB        92.4 kB
Ôö£ Ôùï /admin/clients                        3.51 kB        91.5 kB
Ôö£ Ôùï /admin/employees                      4.06 kB        92.1 kB
Ôö£ Ôùï /admin/leads                          5.77 kB         130 kB
Ôö£ Ôùï /admin/offer-letter/[applicationId]   116 kB          204 kB
Ôö£ Ôùï /admin/offers                         4.27 kB        92.3 kB
Ôö£ Ôùï /admin/proposals                      5.92 kB        93.9 kB
Ôö£ Ôùï /admin/services                       6.89 kB        94.9 kB
Ôö£ Ôùï /admin/tickets                        3.71 kB        91.7 kB
Ôö£ Ôùï /affiliate/dashboard                  4.87 kB        92.9 kB
Ôö£ Ôùï /affiliate/leads                      3.92 kB        91.9 kB
Ôö£ Ôùï /affiliate/register                   3.43 kB         133 kB
Ôö£ Ôùï /affiliate/wallet                     4.25 kB        92.2 kB
Ôö£ ãÆ /api/affiliates                       0 B            85.1 kB
Ôö£ ãÆ /api/affiliates/[id]                  0 B            85.1 kB
Ôö£ ãÆ /api/affiliates/register              0 B            85.1 kB
Ôö£ ãÆ /api/applications                     0 B            85.1 kB
Ôö£ ãÆ /api/applications/[id]                0 B            85.1 kB
Ôö£ ãÆ /api/applications/hire                0 B            85.1 kB
Ôö£ ãÆ /api/auth/login                       0 B            85.1 kB
Ôö£ ãÆ /api/auth/logout                      0 B            85.1 kB
Ôö£ ãÆ /api/auth/me                          0 B            85.1 kB
Ôö£ ãÆ /api/auth/register                    0 B            85.1 kB
Ôö£ ãÆ /api/blog                             0 B            85.1 kB
Ôö£ ãÆ /api/blog/[id]                        0 B            85.1 kB
Ôö£ ãÆ /api/careers                          0 B            85.1 kB
Ôö£ ãÆ /api/careers/[id]                     0 B            85.1 kB
Ôö£ ãÆ /api/clients                          0 B            85.1 kB
Ôö£ ãÆ /api/clients/[id]                     0 B            85.1 kB
Ôö£ ãÆ /api/contact                          0 B            85.1 kB
Ôö£ ãÆ /api/employees                        0 B            85.1 kB
Ôö£ ãÆ /api/employees/[id]                   0 B            85.1 kB
Ôö£ ãÆ /api/leads                            0 B            85.1 kB
Ôö£ ãÆ /api/leads/[id]                       0 B            85.1 kB
Ôö£ ãÆ /api/offers                           0 B            85.1 kB
Ôö£ ãÆ /api/offers/[id]                      0 B            85.1 kB
Ôö£ ãÆ /api/onboarding                       0 B            85.1 kB
Ôö£ ãÆ /api/proposals                        0 B            85.1 kB
Ôö£ ãÆ /api/proposals/[id]                   0 B            85.1 kB
Ôö£ ãÆ /api/tickets                          0 B            85.1 kB
Ôö£ ãÆ /api/tickets/[id]                     0 B            85.1 kB
Ôö£ Ôùï /blog                                 2.57 kB         132 kB
Ôö£ Ôùï /career                               4.8 kB          134 kB
Ôö£ Ôùï /case-studies                         2.27 kB         132 kB
Ôö£ Ôùï /client                               4.48 kB        92.5 kB
Ôö£ Ôùï /client/invoices                      3.62 kB        91.6 kB
Ôö£ Ôùï /client/reports                       3.62 kB        91.6 kB
Ôö£ Ôùï /client/tickets                       4.18 kB        92.2 kB
Ôö£ Ôùï /contact                              3.02 kB         132 kB
Ôö£ Ôùï /employee                             4.05 kB        92.1 kB
Ôö£ Ôùï /employee/clients                     3.49 kB        91.5 kB
Ôö£ Ôùï /employee/leads                       3.68 kB        91.7 kB
Ôö£ Ôùï /employee/onboarding                  7.35 kB         128 kB
Ôö£ Ôùï /employee/tickets                     3.7 kB         91.7 kB
Ôö£ Ôùï /login                                2.29 kB         126 kB
Ôö£ Ôùï /services                             5.69 kB         135 kB
Ôöö ÔùÅ /services/[slug]                      6.76 kB         136 kB
    Ôö£ /services/seo-content-marketing
    Ôö£ /services/performance-ads
    Ôö£ /services/social-media-management
    Ôöö [+3 more paths]
+ First Load JS shared by all             94.5 kB
  Ôö£ chunks/framework-945b357d4a851f4b.js  44.9 kB
  Ôö£ chunks/main-322d16f13043a2b9.js       32.3 kB
  Ôöö other shared chunks (total)           17.4 kB

Ôùï  (Static)   prerendered as static content
ÔùÅ  (SSG)      prerendered as static HTML (uses getStaticProps)
ãÆ  (Dynamic)  server-rendered on demand

